// Jest Snapshot v1, https://goo.gl/fbAQLP

exports[`Ladder should render liquidity ladder 1`] = `
<div
  className="row"
>
  <div
    className="col-sm-6"
  >
    <table
      className="table table-striped table-hover table-borderless no-footer"
    >
      <tbody>
        <tr
          key="0"
        >
          <td
            className="w-25"
          >
            <span
              className="quantity"
            >
              1
              M
            </span>
          </td>
          <td
            className="w-75 text-right"
          >
            <span
              className="bigFigures"
            >
              1.23
            </span>
            <span
              className="pips"
            >
              11
            </span>
            <span
              className="tenthOfPips"
            >
              8
            </span>
          </td>
        </tr>
        <tr
          key="1"
        >
          <td
            className="w-25"
          >
            <span
              className="quantity"
            >
              5
              M
            </span>
          </td>
          <td
            className="w-75 text-right"
          >
            <span
              className="bigFigures"
            >
              1.26
            </span>
            <span
              className="pips"
            >
              57
            </span>
            <span
              className="tenthOfPips"
            >
              1
            </span>
          </td>
        </tr>
      </tbody>
    </table>
  </div>
  <div
    className="col-sm-6"
  >
    <table
      className="table table-striped table-hover table-borderless no-footer"
    >
      <tbody>
        <tr
          key="0"
        >
          <td
            className="w-75"
          >
            <span
              className="bigFigures"
            >
              1.23
            </span>
            <span
              className="pips"
            >
              12
            </span>
            <span
              className="tenthOfPips"
            >
              7
            </span>
          </td>
          <td
            className="text-right w-25"
          >
            <span
              className="quantity"
            >
              1
              M
            </span>
          </td>
        </tr>
        <tr
          key="1"
        >
          <td
            className="w-75"
          >
            <span
              className="bigFigures"
            >
              1.26
            </span>
            <span
              className="pips"
            >
              57
            </span>
            <span
              className="tenthOfPips"
            >
              8
            </span>
          </td>
          <td
            className="text-right w-25"
          >
            <span
              className="quantity"
            >
              5
              M
            </span>
          </td>
        </tr>
      </tbody>
    </table>
  </div>
</div>
`;
